Hours Logged,value
Hours Logged,26
Expected Hours,228